---
http_interactions:
- request:
    method: post
    uri: http://api.marketcloud.it/v0/tokens
    body:
      encoding: UTF-8
      string: '{"publicKey":"e8152fe2-237a-4360-8ad2-f3773082226c","secretKey":"bOor/JMhy2f05B/WEcaAhCp+AHafBbnRy3nsQJWNtgA=","timestamp":1483115056}'
    headers:
      User-Agent:
      - Faraday v0.10.0
      Content-Type:
      - application/json
      Accept:
      - application/json
      Accept-Encoding:
      - gzip;q=1.0,deflate;q=0.6,identity;q=0.3
  response:
    status:
      code: 200
      message: OK
    headers:
      Content-Length:
      - '195'
      Content-Type:
      - application/json; charset=utf-8
      Etag:
      - W/"46-HdPw/RRTnJW6U6UmM4sMOg"
      Vary:
      - Accept-Encoding
      Server:
      - Microsoft-IIS/8.0
      X-Powered-By:
      - ASP.NET
      Set-Cookie:
      - ARRAffinity=8a668df407d29250bae4eebb17b37024c7eb17badf1be7615a664b56c50607d8;Path=/;Domain=api.marketcloud.it
      Date:
      - Fri, 30 Dec 2016 16:24:14 GMT
    body:
      encoding: ASCII-8BIT
      string: '{"status":true,"token":"k0q/n0DbmCaJzpJNxztIUCt7JwHSzP3LUK/HvfW/SIo="}'
    http_version: 
  recorded_at: Fri, 30 Dec 2016 16:24:16 GMT
- request:
    method: get
    uri: http://api.marketcloud.it/v0/carts/107232
    body:
      encoding: US-ASCII
      string: ''
    headers:
      User-Agent:
      - Faraday v0.10.0
      Content-Type:
      - application/json
      Authorization:
      - e8152fe2-237a-4360-8ad2-f3773082226c:k0q/n0DbmCaJzpJNxztIUCt7JwHSzP3LUK/HvfW/SIo=
      Accept-Encoding:
      - gzip;q=1.0,deflate;q=0.6,identity;q=0.3
      Accept:
      - "*/*"
  response:
    status:
      code: 200
      message: OK
    headers:
      Content-Length:
      - '502'
      Content-Type:
      - application/json; charset=utf-8
      Etag:
      - W/"22c-5TB64Roja2zmOc18eLtuaw"
      Vary:
      - Accept-Encoding
      Server:
      - Microsoft-IIS/8.0
      X-Powered-By:
      - ASP.NET
      Set-Cookie:
      - ARRAffinity=8a668df407d29250bae4eebb17b37024c7eb17badf1be7615a664b56c50607d8;Path=/;Domain=api.marketcloud.it
      Date:
      - Fri, 30 Dec 2016 16:24:15 GMT
    body:
      encoding: ASCII-8BIT
      string: '{"status":true,"data":{"created_at":1483050364666,"application_id":107224,"items":[{"price":99.99,"name":"Pentola","description":"<p>Una
        bellissima pentola<br/></p>","images":["https://shop.coalca.it/spree/products/327/product/0500070.jpg?1480023556"],"media":[],"published":true,"type":"simple_product","slug":"pentola","category_id":107225,"requires_shipping":true,"weight":3,"depth":50,"width":50,"height":10,"id":107226,"product_id":107226,"variant_id":0,"quantity":4}],"status":"open","user_id":107227,"id":107232,"items_total":399.96,"total":399.96}}'
    http_version: 
  recorded_at: Fri, 30 Dec 2016 16:24:16 GMT
- request:
    method: post
    uri: http://api.marketcloud.it/v0/tokens
    body:
      encoding: UTF-8
      string: '{"publicKey":"e8152fe2-237a-4360-8ad2-f3773082226c","secretKey":"bOor/JMhy2f05B/WEcaAhCp+AHafBbnRy3nsQJWNtgA=","timestamp":1483115056}'
    headers:
      User-Agent:
      - Faraday v0.10.0
      Content-Type:
      - application/json
      Accept:
      - application/json
      Accept-Encoding:
      - gzip;q=1.0,deflate;q=0.6,identity;q=0.3
  response:
    status:
      code: 200
      message: OK
    headers:
      Content-Length:
      - '193'
      Content-Type:
      - application/json; charset=utf-8
      Etag:
      - W/"46-k8XcyWleZybTPHcjeACvew"
      Vary:
      - Accept-Encoding
      Server:
      - Microsoft-IIS/8.0
      X-Powered-By:
      - ASP.NET
      Set-Cookie:
      - ARRAffinity=8a668df407d29250bae4eebb17b37024c7eb17badf1be7615a664b56c50607d8;Path=/;Domain=api.marketcloud.it
      Date:
      - Fri, 30 Dec 2016 16:24:13 GMT
    body:
      encoding: ASCII-8BIT
      string: '{"status":true,"token":"D1kuGWJj2Jp8i3JWvRY9UOeWAS0stvaAdoV8QdsxwA0="}'
    http_version: 
  recorded_at: Fri, 30 Dec 2016 16:24:16 GMT
- request:
    method: patch
    uri: http://api.marketcloud.it/v0/carts/107232
    body:
      encoding: UTF-8
      string: '{"op":"update","items":[{"product_id":107226,"quantity":2}]}'
    headers:
      User-Agent:
      - Faraday v0.10.0
      Content-Type:
      - application/json
      Authorization:
      - e8152fe2-237a-4360-8ad2-f3773082226c:D1kuGWJj2Jp8i3JWvRY9UOeWAS0stvaAdoV8QdsxwA0=
      Accept-Encoding:
      - gzip;q=1.0,deflate;q=0.6,identity;q=0.3
      Accept:
      - "*/*"
  response:
    status:
      code: 200
      message: OK
    headers:
      Content-Length:
      - '464'
      Content-Type:
      - application/json; charset=utf-8
      Etag:
      - W/"1e9-wTeSoskzigBnoyvd+lDDag"
      Vary:
      - Accept-Encoding
      Server:
      - Microsoft-IIS/8.0
      X-Powered-By:
      - ASP.NET
      Set-Cookie:
      - ARRAffinity=8a668df407d29250bae4eebb17b37024c7eb17badf1be7615a664b56c50607d8;Path=/;Domain=api.marketcloud.it
      Date:
      - Fri, 30 Dec 2016 16:24:15 GMT
    body:
      encoding: ASCII-8BIT
      string: '{"status":true,"data":{"items":[{"price":99.99,"name":"Pentola","description":"<p>Una
        bellissima pentola<br/></p>","images":["https://shop.coalca.it/spree/products/327/product/0500070.jpg?1480023556"],"media":[],"published":true,"type":"simple_product","slug":"pentola","category_id":107225,"requires_shipping":true,"weight":3,"depth":50,"width":50,"height":10,"id":107226,"product_id":107226,"variant_id":0,"quantity":2}],"id":107232,"user_id":107227,"items_total":199.98,"total":199.98}}'
    http_version: 
  recorded_at: Fri, 30 Dec 2016 16:24:17 GMT
recorded_with: VCR 3.0.3
